// Jest Snapshot v1, https://goo.gl/fbAQLP

exports[`Testing if component renders properly Snapshot Testing 1`] = `
<DocumentFragment>
  <div
    class="makeStyles-root-1"
    data-testid="islv_rootDiv"
    style="height: 400px;"
  >
    <ul
      class="MuiList-root makeStyles-listContent-2 MuiList-padding"
    >
      <li
        class="MuiListItem-root MuiListItem-gutters MuiListItem-alignItemsFlexStart"
      >
        <div
          class="MuiListItemText-root MuiListItemText-multiline"
        >
          <span
            class="MuiTypography-root MuiListItemText-primary MuiTypography-body1 MuiTypography-displayBlock"
          >
            Alan1
          </span>
          <p
            class="MuiTypography-root MuiListItemText-secondary MuiTypography-body2 MuiTypography-colorTextSecondary MuiTypography-displayBlock"
          >
            this is just a preview
          </p>
        </div>
      </li>
      <li
        class="MuiDivider-root"
        role="separator"
      />
    </ul>
  </div>
</DocumentFragment>
`;
